== ir ==
; ModuleID = 'jit'
source_filename = "jit"

define i32 @main() {
allocas:
  %x.0.slot = alloca i32, align 4
  %p.1.slot = alloca ptr, align 8
  %pp.2.slot = alloca ptr, align 8
  br label %body

body:                                             ; preds = %allocas
  store i32 0, ptr %x.0.slot, align 4
  store ptr %x.0.slot, ptr %p.1.slot, align 8
  store ptr %p.1.slot, ptr %pp.2.slot, align 8
  %load = load ptr, ptr %pp.2.slot, align 8
  %deref = load ptr, ptr %load, align 8
  store i32 99, ptr %deref, align 4
  %load1 = load ptr, ptr %pp.2.slot, align 8
  %deref2 = load ptr, ptr %load1, align 8
  %ret.load = load i32, ptr %deref2, align 4
  ret i32 %ret.load
}
== result ==
99
