== diagnostics ==
== types ==
Fn[0] deref<Param(0)>(p[Local(0)]: *mut Param(0)) -> Param(0)
  HExprId(0) : *mut Param(0)
  HExprId(1) : Param(0)
Fn[1] main() -> ()
  HExprId(2) : *mut i32
  HExprId(3) : ()
  HExprId(4) : fn(*mut i32) -> i32  fn_ref_type_args=[i32]
  HExprId(5) : *mut i32
  HExprId(6) : i32
