== diagnostics ==
== types ==
Fn[0] at(p[Local(0)]: *const [i32], i[Local(1)]: usize) -> i32
  HExprId(0) : *const [i32]
  HExprId(1) : usize
  HExprId(2) : i32
  HExprId(3) : fn(*const [i32], usize) -> i32
  HExprId(4) : *const [i32; 10]
  HExprId(5) : usize
  HExprId(6) : i32
Fn[1] caller(a[Local(2)]: *const [i32; 10]) -> i32
