== diagnostics ==
== types ==
Fn[0] fib(n[Local(0)]: u32) -> u32
  HExprId(0) : u32
  HExprId(1) : u32
  HExprId(2) : bool
  HExprId(3) : u32
  HExprId(4) : !
  HExprId(5) : fn(u32) -> u32
  HExprId(6) : u32
  HExprId(7) : u32
  HExprId(8) : u32
  HExprId(9) : u32
  HExprId(10) : fn(u32) -> u32
  HExprId(11) : u32
  HExprId(12) : u32
  HExprId(13) : u32
  HExprId(14) : u32
  HExprId(15) : u32
  HExprId(16) : u32
