== diagnostics ==
== types ==
Fn[0] first_match() -> i32
  HExprId(0) : i32
  HExprId(1) : ()
  HExprId(2) : i32
  HExprId(3) : i32
  HExprId(4) : bool
  HExprId(5) : i32
  HExprId(6) : i32
  HExprId(7) : i32
  HExprId(8) : !
  HExprId(9) : ()
  HExprId(10) : i32
  HExprId(11) : i32
  HExprId(12) : i32
  HExprId(13) : i32
  HExprId(14) : ()
  HExprId(15) : i32
