== diagnostics ==
== types ==
Fn[0] slurp(path[Local(0)]: *const [u8], buf[Local(1)]: *mut u8, cap[Local(2)]: usize) -> usize
  HExprId(0) : *const [u8; 2]
  HExprId(1) : ()
  HExprId(2) : extern "C" fn(*const [u8], *const [u8]) -> *mut u8
  HExprId(3) : *const [u8]
  HExprId(4) : *const [u8]
  HExprId(5) : *mut u8
  HExprId(6) : ()
  HExprId(7) : fn(*const u8, *const u8) -> bool  fn_ref_type_args=[u8]
  HExprId(8) : *mut u8
  HExprId(9) : *mut u8
  HExprId(10) : bool
  HExprId(11) : usize
  HExprId(12) : i32
  HExprId(13) : usize
  HExprId(14) : usize
  HExprId(15) : !
  HExprId(16) : ()
  HExprId(17) : extern "C" fn(*mut u8, usize, usize, *mut u8) -> usize
  HExprId(18) : *mut u8
  HExprId(19) : i32
  HExprId(20) : usize
  HExprId(21) : usize
  HExprId(22) : *mut u8
  HExprId(23) : usize
  HExprId(24) : ()
  HExprId(25) : extern "C" fn(*mut u8) -> i32
  HExprId(26) : *mut u8
  HExprId(27) : i32
  HExprId(28) : usize
Fn[1] ox_alloc<Param(0)>() -> *mut Param(0)
  HExprId(29) : fn(*mut u8) -> *mut Param(0)  fn_ref_type_args=[*mut u8, *mut Param(0)]
  HExprId(30) : extern "C" fn(usize) -> *mut u8
  HExprId(31) : fn() -> usize  fn_ref_type_args=[Param(0)]
  HExprId(32) : usize
  HExprId(33) : *mut u8
  HExprId(34) : *mut Param(0)
Fn[2] ox_alloc_zeroed<Param(1)>() -> *mut Param(1)
  HExprId(35) : fn(*mut u8) -> *mut Param(1)  fn_ref_type_args=[*mut u8, *mut Param(1)]
  HExprId(36) : extern "C" fn(usize, usize) -> *mut u8
  HExprId(37) : usize
  HExprId(38) : fn() -> usize  fn_ref_type_args=[Param(1)]
  HExprId(39) : usize
  HExprId(40) : *mut u8
  HExprId(41) : *mut Param(1)
Fn[3] ox_dealloc<Param(2)>(p[Local(6)]: *mut Param(2)) -> ()
  HExprId(42) : extern "C" fn(*mut u8)
  HExprId(43) : fn(*mut Param(2)) -> *mut u8  fn_ref_type_args=[*mut Param(2), *mut u8]
  HExprId(44) : *mut Param(2)
  HExprId(45) : *mut u8
  HExprId(46) : ()
Fn[4] ox_realloc<Param(3)>(p[Local(7)]: *mut Param(3), n[Local(8)]: usize) -> *mut Param(3)
  HExprId(47) : fn(*mut u8) -> *mut Param(3)  fn_ref_type_args=[*mut u8, *mut Param(3)]
  HExprId(48) : extern "C" fn(*mut u8, usize) -> *mut u8
  HExprId(49) : fn(*mut Param(3)) -> *mut u8  fn_ref_type_args=[*mut Param(3), *mut u8]
  HExprId(50) : *mut Param(3)
  HExprId(51) : *mut u8
  HExprId(52) : usize
  HExprId(53) : fn() -> usize  fn_ref_type_args=[Param(3)]
  HExprId(54) : usize
  HExprId(55) : usize
  HExprId(56) : *mut u8
  HExprId(57) : *mut Param(3)
Fn[5] ox_ptr_eq<Param(4)>(a[Local(9)]: *const Param(4), b[Local(10)]: *const Param(4)) -> bool
  HExprId(58) : fn(*const Param(4)) -> usize  fn_ref_type_args=[*const Param(4), usize]
  HExprId(59) : *const Param(4)
  HExprId(60) : usize
  HExprId(61) : ()
  HExprId(62) : fn(*const Param(4)) -> usize  fn_ref_type_args=[*const Param(4), usize]
  HExprId(63) : *const Param(4)
  HExprId(64) : usize
  HExprId(65) : ()
  HExprId(66) : usize
  HExprId(67) : usize
  HExprId(68) : bool
Fn[6] ox_is_null<Param(5)>(p[Local(13)]: *const Param(5)) -> bool
  HExprId(69) : fn(*const Param(5), *const Param(5)) -> bool  fn_ref_type_args=[Param(5)]
  HExprId(70) : *const Param(5)
  HExprId(71) : *mut Param(5)
  HExprId(72) : bool
Fn[7] ox_is_not_null<Param(6)>(p[Local(14)]: *const Param(6)) -> bool
  HExprId(73) : fn(*const Param(6)) -> bool  fn_ref_type_args=[Param(6)]
  HExprId(74) : *const Param(6)
  HExprId(75) : bool
  HExprId(76) : bool
Fn[8] ox_transmute<Param(7), Param(8)>(x[Local(15)]: Param(7)) -> Param(8)
Fn[9] ox_size_of<Param(9)>() -> usize
Fn[10] malloc(size[Local(16)]: usize) -> *mut u8
Fn[11] calloc(count[Local(17)]: usize, size[Local(18)]: usize) -> *mut u8
Fn[12] realloc(ptr[Local(19)]: *mut u8, size[Local(20)]: usize) -> *mut u8
Fn[13] free(ptr[Local(21)]: *mut u8) -> ()
Fn[14] aligned_alloc(alignment[Local(22)]: usize, size[Local(23)]: usize) -> *mut u8
Fn[15] exit(status[Local(24)]: i32) -> ()
Fn[16] _Exit(status[Local(25)]: i32) -> ()
Fn[17] quick_exit(status[Local(26)]: i32) -> ()
Fn[18] abort() -> ()
Fn[19] atoi(s[Local(27)]: *const [u8]) -> i32
Fn[20] atoll(s[Local(28)]: *const [u8]) -> i64
Fn[21] abs(x[Local(29)]: i32) -> i32
Fn[22] llabs(x[Local(30)]: i64) -> i64
Fn[23] rand() -> i32
Fn[24] srand(seed[Local(31)]: u32) -> ()
Fn[25] getenv(name[Local(32)]: *const [u8]) -> *const [u8]
Fn[26] system(cmd[Local(33)]: *const [u8]) -> i32
Fn[27] puts(s[Local(34)]: *const [u8]) -> i32
Fn[28] putchar(c[Local(35)]: i32) -> i32
Fn[29] putc(c[Local(36)]: i32, stream[Local(37)]: *mut u8) -> i32
Fn[30] fputs(s[Local(38)]: *const [u8], stream[Local(39)]: *mut u8) -> i32
Fn[31] fputc(c[Local(40)]: i32, stream[Local(41)]: *mut u8) -> i32
Fn[32] getchar() -> i32
Fn[33] getc(stream[Local(42)]: *mut u8) -> i32
Fn[34] fgetc(stream[Local(43)]: *mut u8) -> i32
Fn[35] ungetc(c[Local(44)]: i32, stream[Local(45)]: *mut u8) -> i32
Fn[36] fgets(buf[Local(46)]: *mut [u8], size[Local(47)]: i32, stream[Local(48)]: *mut u8) -> *mut [u8]
Fn[37] fopen(path[Local(49)]: *const [u8], mode[Local(50)]: *const [u8]) -> *mut u8
Fn[38] freopen(path[Local(51)]: *const [u8], mode[Local(52)]: *const [u8], stream[Local(53)]: *mut u8) -> *mut u8
Fn[39] fclose(stream[Local(54)]: *mut u8) -> i32
Fn[40] tmpfile() -> *mut u8
Fn[41] remove(path[Local(55)]: *const [u8]) -> i32
Fn[42] rename(old_path[Local(56)]: *const [u8], new_path[Local(57)]: *const [u8]) -> i32
Fn[43] fread(buf[Local(58)]: *mut u8, size[Local(59)]: usize, count[Local(60)]: usize, stream[Local(61)]: *mut u8) -> usize
Fn[44] fwrite(buf[Local(62)]: *const u8, size[Local(63)]: usize, count[Local(64)]: usize, stream[Local(65)]: *mut u8) -> usize
Fn[45] fflush(stream[Local(66)]: *mut u8) -> i32
Fn[46] feof(stream[Local(67)]: *mut u8) -> i32
Fn[47] ferror(stream[Local(68)]: *mut u8) -> i32
Fn[48] clearerr(stream[Local(69)]: *mut u8) -> ()
Fn[49] rewind(stream[Local(70)]: *mut u8) -> ()
Fn[50] setvbuf(stream[Local(71)]: *mut u8, buf[Local(72)]: *mut [u8], mode[Local(73)]: i32, size[Local(74)]: usize) -> i32
Fn[51] setbuf(stream[Local(75)]: *mut u8, buf[Local(76)]: *mut [u8]) -> ()
Fn[52] perror(s[Local(77)]: *const [u8]) -> ()
Fn[53] printf(fmt[Local(78)]: *const [u8]) -> i32
Fn[54] fprintf(stream[Local(79)]: *mut u8, fmt[Local(80)]: *const [u8]) -> i32
Fn[55] sprintf(buf[Local(81)]: *mut [u8], fmt[Local(82)]: *const [u8]) -> i32
Fn[56] snprintf(buf[Local(83)]: *mut [u8], size[Local(84)]: usize, fmt[Local(85)]: *const [u8]) -> i32
Fn[57] scanf(fmt[Local(86)]: *const [u8]) -> i32
Fn[58] fscanf(stream[Local(87)]: *mut u8, fmt[Local(88)]: *const [u8]) -> i32
Fn[59] sscanf(s[Local(89)]: *const [u8], fmt[Local(90)]: *const [u8]) -> i32
