== diagnostics ==
== types ==
Fn[0] slurp(path[Local(0)]: *const [u8], buf[Local(1)]: *mut u8, cap[Local(2)]: usize) -> usize
  HExprId(0) : *const [u8; 2]
  HExprId(1) : ()
  HExprId(2) : fn(*const [u8], *const [u8]) -> *mut u8
  HExprId(3) : *const [u8]
  HExprId(4) : *const [u8]
  HExprId(5) : *mut u8
  HExprId(6) : ()
  HExprId(7) : fn(*const Param(4), *const Param(4)) -> bool
  HExprId(8) : *mut u8
  HExprId(9) : *mut u8
  HExprId(10) : bool  call_type_args=[u8]
  HExprId(11) : usize
  HExprId(12) : i32
  HExprId(13) : usize
  HExprId(14) : usize
  HExprId(15) : !
  HExprId(16) : ()
  HExprId(17) : fn(*mut u8, usize, usize, *mut u8) -> usize
  HExprId(18) : *mut u8
  HExprId(19) : i32
  HExprId(20) : usize
  HExprId(21) : usize
  HExprId(22) : *mut u8
  HExprId(23) : usize
  HExprId(24) : ()
  HExprId(25) : fn(*mut u8) -> i32
  HExprId(26) : *mut u8
  HExprId(27) : i32
  HExprId(28) : usize
Fn[1] ox_alloc<Param(0)>() -> *mut Param(0)
  HExprId(29) : fn(Param(5)) -> Param(6)
  HExprId(30) : fn(usize) -> *mut u8
  HExprId(31) : fn() -> usize
  HExprId(32) : usize  call_type_args=[Param(0)]
  HExprId(33) : *mut u8
  HExprId(34) : *mut Param(0)  call_type_args=[*mut u8, *mut Param(0)]
Fn[2] ox_alloc_zeroed<Param(1)>() -> *mut Param(1)
  HExprId(35) : fn(Param(5)) -> Param(6)
  HExprId(36) : fn(usize, usize) -> *mut u8
  HExprId(37) : usize
  HExprId(38) : fn() -> usize
  HExprId(39) : usize  call_type_args=[Param(1)]
  HExprId(40) : *mut u8
  HExprId(41) : *mut Param(1)  call_type_args=[*mut u8, *mut Param(1)]
Fn[3] ox_dealloc<Param(2)>(p[Local(6)]: *mut Param(2)) -> ()
  HExprId(42) : fn(*mut u8)
  HExprId(43) : fn(Param(5)) -> Param(6)
  HExprId(44) : *mut Param(2)
  HExprId(45) : *mut u8  call_type_args=[*mut Param(2), *mut u8]
  HExprId(46) : ()
Fn[4] ox_realloc<Param(3)>(p[Local(7)]: *mut Param(3), n[Local(8)]: usize) -> *mut Param(3)
  HExprId(47) : fn(Param(5)) -> Param(6)
  HExprId(48) : fn(*mut u8, usize) -> *mut u8
  HExprId(49) : fn(Param(5)) -> Param(6)
  HExprId(50) : *mut Param(3)
  HExprId(51) : *mut u8  call_type_args=[*mut Param(3), *mut u8]
  HExprId(52) : usize
  HExprId(53) : fn() -> usize
  HExprId(54) : usize  call_type_args=[Param(3)]
  HExprId(55) : usize
  HExprId(56) : *mut u8
  HExprId(57) : *mut Param(3)  call_type_args=[*mut u8, *mut Param(3)]
Fn[5] ox_ptr_eq<Param(4)>(a[Local(9)]: *const Param(4), b[Local(10)]: *const Param(4)) -> bool
  HExprId(58) : fn(Param(5)) -> Param(6)
  HExprId(59) : *const Param(4)
  HExprId(60) : usize  call_type_args=[*const Param(4), usize]
  HExprId(61) : ()
  HExprId(62) : fn(Param(5)) -> Param(6)
  HExprId(63) : *const Param(4)
  HExprId(64) : usize  call_type_args=[*const Param(4), usize]
  HExprId(65) : ()
  HExprId(66) : usize
  HExprId(67) : usize
  HExprId(68) : bool
Fn[6] ox_transmute<Param(5), Param(6)>(x[Local(13)]: Param(5)) -> Param(6)
Fn[7] ox_size_of<Param(7)>() -> usize
Fn[8] malloc(size[Local(14)]: usize) -> *mut u8
Fn[9] calloc(count[Local(15)]: usize, size[Local(16)]: usize) -> *mut u8
Fn[10] realloc(ptr[Local(17)]: *mut u8, size[Local(18)]: usize) -> *mut u8
Fn[11] free(ptr[Local(19)]: *mut u8) -> ()
Fn[12] aligned_alloc(alignment[Local(20)]: usize, size[Local(21)]: usize) -> *mut u8
Fn[13] exit(status[Local(22)]: i32) -> ()
Fn[14] _Exit(status[Local(23)]: i32) -> ()
Fn[15] quick_exit(status[Local(24)]: i32) -> ()
Fn[16] abort() -> ()
Fn[17] atoi(s[Local(25)]: *const [u8]) -> i32
Fn[18] atoll(s[Local(26)]: *const [u8]) -> i64
Fn[19] abs(x[Local(27)]: i32) -> i32
Fn[20] llabs(x[Local(28)]: i64) -> i64
Fn[21] rand() -> i32
Fn[22] srand(seed[Local(29)]: u32) -> ()
Fn[23] getenv(name[Local(30)]: *const [u8]) -> *const [u8]
Fn[24] system(cmd[Local(31)]: *const [u8]) -> i32
Fn[25] puts(s[Local(32)]: *const [u8]) -> i32
Fn[26] putchar(c[Local(33)]: i32) -> i32
Fn[27] putc(c[Local(34)]: i32, stream[Local(35)]: *mut u8) -> i32
Fn[28] fputs(s[Local(36)]: *const [u8], stream[Local(37)]: *mut u8) -> i32
Fn[29] fputc(c[Local(38)]: i32, stream[Local(39)]: *mut u8) -> i32
Fn[30] getchar() -> i32
Fn[31] getc(stream[Local(40)]: *mut u8) -> i32
Fn[32] fgetc(stream[Local(41)]: *mut u8) -> i32
Fn[33] ungetc(c[Local(42)]: i32, stream[Local(43)]: *mut u8) -> i32
Fn[34] fgets(buf[Local(44)]: *mut [u8], size[Local(45)]: i32, stream[Local(46)]: *mut u8) -> *mut [u8]
Fn[35] fopen(path[Local(47)]: *const [u8], mode[Local(48)]: *const [u8]) -> *mut u8
Fn[36] freopen(path[Local(49)]: *const [u8], mode[Local(50)]: *const [u8], stream[Local(51)]: *mut u8) -> *mut u8
Fn[37] fclose(stream[Local(52)]: *mut u8) -> i32
Fn[38] tmpfile() -> *mut u8
Fn[39] remove(path[Local(53)]: *const [u8]) -> i32
Fn[40] rename(old_path[Local(54)]: *const [u8], new_path[Local(55)]: *const [u8]) -> i32
Fn[41] fread(buf[Local(56)]: *mut u8, size[Local(57)]: usize, count[Local(58)]: usize, stream[Local(59)]: *mut u8) -> usize
Fn[42] fwrite(buf[Local(60)]: *const u8, size[Local(61)]: usize, count[Local(62)]: usize, stream[Local(63)]: *mut u8) -> usize
Fn[43] fflush(stream[Local(64)]: *mut u8) -> i32
Fn[44] feof(stream[Local(65)]: *mut u8) -> i32
Fn[45] ferror(stream[Local(66)]: *mut u8) -> i32
Fn[46] clearerr(stream[Local(67)]: *mut u8) -> ()
Fn[47] rewind(stream[Local(68)]: *mut u8) -> ()
Fn[48] setvbuf(stream[Local(69)]: *mut u8, buf[Local(70)]: *mut [u8], mode[Local(71)]: i32, size[Local(72)]: usize) -> i32
Fn[49] setbuf(stream[Local(73)]: *mut u8, buf[Local(74)]: *mut [u8]) -> ()
Fn[50] perror(s[Local(75)]: *const [u8]) -> ()
Fn[51] printf(fmt[Local(76)]: *const [u8]) -> i32
Fn[52] fprintf(stream[Local(77)]: *mut u8, fmt[Local(78)]: *const [u8]) -> i32
Fn[53] sprintf(buf[Local(79)]: *mut [u8], fmt[Local(80)]: *const [u8]) -> i32
Fn[54] snprintf(buf[Local(81)]: *mut [u8], size[Local(82)]: usize, fmt[Local(83)]: *const [u8]) -> i32
Fn[55] scanf(fmt[Local(84)]: *const [u8]) -> i32
Fn[56] fscanf(stream[Local(85)]: *mut u8, fmt[Local(86)]: *const [u8]) -> i32
Fn[57] sscanf(s[Local(87)]: *const [u8], fmt[Local(88)]: *const [u8]) -> i32
