== diagnostics ==
[E0263] Error: cannot assign to an immutable place
   ╭─[ error_deref_assign_through_const_ptr.ox:4:5 ]
   │
 4 │     *p = 1;
   │     ─┬  
   │      ╰── cannot assign to this
   │ 
   │ Help: declare the binding `mut` (e.g. `let mut x` or `fn f(mut x: T)`) to allow assignment
───╯
== types ==
Fn[0] write_through_const() -> ()
  HExprId(0) : i32
  HExprId(1) : ()
  HExprId(2) : i32
  HExprId(3) : *const i32
  HExprId(4) : ()
  HExprId(5) : *const i32
  HExprId(6) : i32
  HExprId(7) : i32
  HExprId(8) : ()
