== diagnostics ==
[E0280] Error: expected an integer operand, found `bool`
   ╭─[ error_shl_lhs_bool.ox:3:5 ]
   │
 3 │     true << n
   │     ──┬─  
   │       ╰─── expected integer here
   │ 
   │ Help: boolean arithmetic / bitwise / shift isn't defined; use `&&`, `||`, `!` for logical combinations
───╯
[E0250] Error: type mismatch: expected `u32`, found `bool`
   ╭─[ error_shl_lhs_bool.ox:1:15 ]
   │
 1 │ ╭─▶ fn f() -> u32 {
   ┆ ┆   
 4 │ ├─▶ }
   │ │       
   │ ╰─────── type mismatch here
───╯
== types ==
Fn[0] f() -> u32
  HExprId(0) : u8
  HExprId(1) : ()
  HExprId(2) : bool
  HExprId(3) : u8
  HExprId(4) : bool
