== diagnostics ==
[E0255] Error: unsupported in v0: struct literals
   ╭─[ error_struct_lit_still_unsupported.ox:4:5 ]
   │
 4 │     Point { x: 1, y: 2 }
   │     ──────────┬─────────  
   │               ╰─────────── not yet supported
───╯
== types ==
Fn[0] make() -> Adt(0)
  HExprId(0) : i32
  HExprId(1) : i32
  HExprId(2) : {error}
