== diagnostics ==
[E0250] Error: type mismatch: expected `i32`, found `bool`
   ╭─[ error_loop_break_values_disagree.ox:1:15 ]
   │
 1 │ ╭─▶ fn f() -> i32 {
   ┆ ┆   
 3 │ ├─▶ }
   │ │       
   │ ╰─────── type mismatch here
───╯
== types ==
Fn[0] f() -> i32
  HExprId(0) : bool
  HExprId(1) : !
  HExprId(2) : bool
  HExprId(3) : !
  HExprId(4) : bool
