== diagnostics ==
[E0263] Error: cannot assign to an immutable place
   ╭─[ error_assign_to_immutable_param.ox:2:5 ]
   │
 2 │     x = 5;
   │     ┬  
   │     ╰── cannot assign to this
   │ 
   │ Help: declare the binding `mut` (e.g. `let mut x` or `fn f(mut x: T)`) to allow assignment
───╯
== types ==
Fn[0] f(x[Local(0)]: i32) -> i32
  HExprId(0) : i32
  HExprId(1) : i32
  HExprId(2) : ()
  HExprId(3) : i32
