== diagnostics ==
[E0257] Error: pointer mutability mismatch: expected `*mut i32`, found `*const i32`
    ╭─[ error_ptr_mut_laundering_buried_in_array.ox:20:45 ]
    │
 20 │ ╭─▶     let arr_of_mut: [*mut i32; 3] = arr_of_const;
 21 │ ├─▶     0
    │ │           
    │ ╰─────────── incompatible pointer
    │     
    │     Help: only `*mut T` → `*const T` is allowed at the outer layer; inner positions must match exactly
────╯
== types ==
Fn[0] main() -> i32
  HExprId(0) : i32
  HExprId(1) : ()
  HExprId(2) : i32
  HExprId(3) : ()
  HExprId(4) : i32
  HExprId(5) : ()
  HExprId(6) : i32
  HExprId(7) : *const i32
  HExprId(8) : ()
  HExprId(9) : i32
  HExprId(10) : *const i32
  HExprId(11) : ()
  HExprId(12) : i32
  HExprId(13) : *const i32
  HExprId(14) : ()
  HExprId(15) : *const i32
  HExprId(16) : *const i32
  HExprId(17) : *const i32
  HExprId(18) : [*const i32; 3]
  HExprId(19) : ()
  HExprId(20) : [*const i32; 3]
  HExprId(21) : ()
  HExprId(22) : i32
