== diagnostics ==
== instances ==
Inst[0] mangled=main depth=0 origin=EntryPoint
Inst[1] mangled=f__$i32 depth=1 origin=Inst[0]
Inst[2] mangled=g__$i32 depth=2 origin=Inst[1]
Inst[3] mangled=h__$mutptr_$i32 depth=3 origin=Inst[2]
== sig ==
Inst[0] params=[] ret=i32
Inst[1] params=[i32] ret=i32
Inst[2] params=[i32] ret=i32
Inst[3] params=[*mut i32] ret=*mut i32
