== diagnostics ==
== instances ==
Inst[0] mangled=root__$i32 depth=1 parent=Fn(4)
Inst[1] mangled=path_a__$i32 depth=2 parent=Inst(0)
Inst[2] mangled=path_b__$i32 depth=2 parent=Inst(0)
Inst[3] mangled=leaf__$mutptr_$i32 depth=3 parent=Inst(1)
== sig ==
Inst[0] params=[i32] ret=i32
Inst[1] params=[i32] ret=i32
Inst[2] params=[i32] ret=i32
Inst[3] params=[] ret=()
