== diagnostics ==
[E0278] Error: monomorphization depth exceeded (limit: 8)
   ╭─[ error_divergent_mono.ox:2:5 ]
   │
 2 │     f::<*mut T>()
   │     ┬  
   │     ╰── diverges here
   │ 
   │ Help: instantiation chain (root → tip):
   │         main  (depth 0)
   │         f<i32>  (depth 1)
   │         f<*mut i32>  (depth 2)
   │         f<*mut *mut i32>  (depth 3)
   │         f<*mut *mut *mut i32>  (depth 4)
   │         f<*mut *mut *mut *mut i32>  (depth 5)
   │         f<*mut *mut *mut *mut *mut i32>  (depth 6)
   │         f<*mut *mut *mut *mut *mut *mut i32>  (depth 7)
   │         f<*mut *mut *mut *mut *mut *mut *mut i32>  (depth 8)
   │       each step discovers a strictly-larger type — dedup never converges. Restructure the recursion to use a fixed type parameter or factor through a non-generic helper.
───╯
== instances ==
Inst[0] mangled=f__$i32 depth=1 parent=Fn(1)
Inst[1] mangled=f__$mutptr_$i32 depth=2 parent=Inst(0)
Inst[2] mangled=f__$mutptr_$mutptr_$i32 depth=3 parent=Inst(1)
Inst[3] mangled=f__$mutptr_$mutptr_$mutptr_$i32 depth=4 parent=Inst(2)
Inst[4] mangled=f__$mutptr_$mutptr_$mutptr_$mutptr_$i32 depth=5 parent=Inst(3)
Inst[5] mangled=f__$mutptr_$mutptr_$mutptr_$mutptr_$mutptr_$i32 depth=6 parent=Inst(4)
Inst[6] mangled=f__$mutptr_$mutptr_$mutptr_$mutptr_$mutptr_$mutptr_$i32 depth=7 parent=Inst(5)
Inst[7] mangled=f__$mutptr_$mutptr_$mutptr_$mutptr_$mutptr_$mutptr_$mutptr_$i32 depth=8 parent=Inst(6)
== sig ==
Inst[0] params=[] ret=()
Inst[1] params=[] ret=()
Inst[2] params=[] ret=()
Inst[3] params=[] ret=()
Inst[4] params=[] ret=()
Inst[5] params=[] ret=()
Inst[6] params=[] ret=()
Inst[7] params=[] ret=()
