; ModuleID = 'test'
source_filename = "test"

define i1 @f(i32 %a, i32 %b) {
allocas:
  %a.0.slot = alloca i32, align 4
  %b.1.slot = alloca i32, align 4
  br label %body

body:                                             ; preds = %allocas
  store i32 %a, ptr %a.0.slot, align 4
  store i32 %b, ptr %b.1.slot, align 4
  %load = load i32, ptr %a.0.slot, align 4
  %load1 = load i32, ptr %b.1.slot, align 4
  %lt = icmp slt i32 %load, %load1
  ret i1 %lt
}
