HirProgram
  Module addr_of_null_invalid.ox (root)
    Fn[0] f()
      Block
        ExprStmt AddrOf(const, Null())
== diagnostics ==
[E0208] Error: cannot take the address of a non-place expression
   ╭─[ addr_of_null_invalid.ox:1:11 ]
   │
 1 │ fn f() { &null; }
   │           ──┬─  
   │             ╰─── not addressable
   │ 
   │ Help: only places — locals, fields of places, and pointer derefs — have a stable memory location to take the address of
───╯
