HirProgram
  Module break_outside_loop_errors.ox (root)
    Fn[0] f()
      Block
        ExprStmt Break()
== diagnostics ==
[E0263] Error: `break` outside of a loop
   ╭─[ break_outside_loop_errors.ox:1:10 ]
   │
 1 │ fn f() { break; }
   │          ──┬──  
   │            ╰──── cannot `break` here
   │ 
   │ Help: `break` is only valid inside `while`, `loop`, or `for`
───╯
