HirProgram
  Module main.ox (root)
    Fn[0] main() -> i32
      Block
        tail: Int(0)
  Module a.ox
    Fn[1] from_a() -> i32
      Block
        tail: Call(Fn(2, "helper"))
  Module util.ox
    Fn[2] helper() -> i32
      Block
        tail: Int(42)
  Module b.ox
    Fn[3] from_b() -> i32
      Block
        tail: Call(Fn(2, "helper"))
