HirProgram
  Module extern_c_generic_fn_rejected.ox (root)
    ExternFn[0] bad<T[TyParam(0)]>(x[Local(0)]: Param(0))
== diagnostics ==
[E0212] Error: extern "C" fn `bad` cannot be generic
   ╭─[ extern_c_generic_fn_rejected.ox:2:3 ]
   │
 2 │   fn bad<T>(x: T);
   │   ────────┬───────  
   │           ╰───────── remove the type parameters
   │ 
   │ Help: extern fns resolve to a single linker symbol; generic instantiation would produce multiple mangled symbols with no corresponding foreign definitions. See spec/16_GENERIC.md.
───╯
