HirModule
  Struct[0] Foo
    x: i32
== diagnostics ==
[E0205] Error: field `x` is declared multiple times in `Foo`
   ╭─[ struct_duplicate_field_errors.ox:1:22 ]
   │
 1 │ struct Foo { x: i32, x: i32 }
   │              ┬       ┬  
   │              ╰────────── first declared here
   │                      │  
   │                      ╰── duplicate field
───╯
